Archive member included to satisfy reference by file (symbol)

c:/program files (x86)/atmel/studio/7.0/toolchain/avr8/avr8-gnu-toolchain/bin/../lib/gcc/avr/5.4.0/avr5\libgcc.a(_udivmodsi4.o)
                              MPT_LAB_UTIL.o (__udivmodsi4)
c:/program files (x86)/atmel/studio/7.0/toolchain/avr8/avr8-gnu-toolchain/bin/../lib/gcc/avr/5.4.0/avr5\libgcc.a(_exit.o)
                              C:/Program Files (x86)/Atmel/Studio/7.0/Packs/atmel/ATmega_DFP/1.0.98/gcc/dev/atmega32/avr5/crtatmega32.o (exit)
c:/program files (x86)/atmel/studio/7.0/toolchain/avr8/avr8-gnu-toolchain/bin/../lib/gcc/avr/5.4.0/avr5\libgcc.a(_tablejump2.o)
                              Labor_2/MPT_LAB_2_4.o (__tablejump2__)
c:/program files (x86)/atmel/studio/7.0/toolchain/avr8/avr8-gnu-toolchain/bin/../lib/gcc/avr/5.4.0/avr5\libgcc.a(_copy_data.o)
                              Labor_2/MPT_LAB_2_3.o (__do_copy_data)

Discarded input sections

 .data          0x00000000        0x0 C:/Program Files (x86)/Atmel/Studio/7.0/Packs/atmel/ATmega_DFP/1.0.98/gcc/dev/atmega32/avr5/crtatmega32.o
 .bss           0x00000000        0x0 C:/Program Files (x86)/Atmel/Studio/7.0/Packs/atmel/ATmega_DFP/1.0.98/gcc/dev/atmega32/avr5/crtatmega32.o
 .text          0x00000000        0x0 Labor_2/MPT_LAB_2_1.o
 .data          0x00000000        0x0 Labor_2/MPT_LAB_2_1.o
 .bss           0x00000000        0x0 Labor_2/MPT_LAB_2_1.o
 .text.A_2_1_1  0x00000000      0x130 Labor_2/MPT_LAB_2_1.o
 .text.A_2_1_2  0x00000000      0x130 Labor_2/MPT_LAB_2_1.o
 .text.A_2_1_3  0x00000000      0x164 Labor_2/MPT_LAB_2_1.o
 .debug_info    0x00000000      0x122 Labor_2/MPT_LAB_2_1.o
 .debug_abbrev  0x00000000       0x92 Labor_2/MPT_LAB_2_1.o
 .debug_loc     0x00000000       0xd8 Labor_2/MPT_LAB_2_1.o
 .debug_aranges
                0x00000000       0x30 Labor_2/MPT_LAB_2_1.o
 .debug_ranges  0x00000000       0x20 Labor_2/MPT_LAB_2_1.o
 .debug_line    0x00000000      0x36b Labor_2/MPT_LAB_2_1.o
 .debug_str     0x00000000      0x1b4 Labor_2/MPT_LAB_2_1.o
 .comment       0x00000000       0x31 Labor_2/MPT_LAB_2_1.o
 .debug_frame   0x00000000       0x74 Labor_2/MPT_LAB_2_1.o
 .text          0x00000000        0x0 Labor_2/MPT_LAB_2_2.o
 .data          0x00000000        0x0 Labor_2/MPT_LAB_2_2.o
 .bss           0x00000000        0x0 Labor_2/MPT_LAB_2_2.o
 .text.A_2_2_1  0x00000000       0xa6 Labor_2/MPT_LAB_2_2.o
 .debug_info    0x00000000       0x8a Labor_2/MPT_LAB_2_2.o
 .debug_abbrev  0x00000000       0x51 Labor_2/MPT_LAB_2_2.o
 .debug_loc     0x00000000       0x3b Labor_2/MPT_LAB_2_2.o
 .debug_aranges
                0x00000000       0x20 Labor_2/MPT_LAB_2_2.o
 .debug_ranges  0x00000000       0x10 Labor_2/MPT_LAB_2_2.o
 .debug_line    0x00000000       0xfd Labor_2/MPT_LAB_2_2.o
 .debug_str     0x00000000      0x197 Labor_2/MPT_LAB_2_2.o
 .comment       0x00000000       0x31 Labor_2/MPT_LAB_2_2.o
 .debug_frame   0x00000000       0x34 Labor_2/MPT_LAB_2_2.o
 .text          0x00000000        0x0 Labor_2/MPT_LAB_2_3.o
 .data          0x00000000        0x0 Labor_2/MPT_LAB_2_3.o
 .bss           0x00000000        0x0 Labor_2/MPT_LAB_2_3.o
 .text.A_2_3_1  0x00000000       0x94 Labor_2/MPT_LAB_2_3.o
 .rodata        0x00000000       0x13 Labor_2/MPT_LAB_2_3.o
 .text.A_2_3_2  0x00000000       0x4e Labor_2/MPT_LAB_2_3.o
 .debug_info    0x00000000       0xa0 Labor_2/MPT_LAB_2_3.o
 .debug_abbrev  0x00000000       0x51 Labor_2/MPT_LAB_2_3.o
 .debug_loc     0x00000000       0xaa Labor_2/MPT_LAB_2_3.o
 .debug_aranges
                0x00000000       0x28 Labor_2/MPT_LAB_2_3.o
 .debug_ranges  0x00000000       0x18 Labor_2/MPT_LAB_2_3.o
 .debug_line    0x00000000      0x18a Labor_2/MPT_LAB_2_3.o
 .debug_str     0x00000000      0x19f Labor_2/MPT_LAB_2_3.o
 .comment       0x00000000       0x31 Labor_2/MPT_LAB_2_3.o
 .debug_frame   0x00000000       0x64 Labor_2/MPT_LAB_2_3.o
 .text          0x00000000        0x0 Labor_2/MPT_LAB_2_4.o
 .data          0x00000000        0x0 Labor_2/MPT_LAB_2_4.o
 .bss           0x00000000        0x0 Labor_2/MPT_LAB_2_4.o
 .text.A_2_4_1  0x00000000       0x6c Labor_2/MPT_LAB_2_4.o
 .text.A_2_4_3  0x00000000       0x10 Labor_2/MPT_LAB_2_4.o
 .text          0x00000000        0x0 Labor_2/MPT_LAB_2_5.o
 .data          0x00000000        0x0 Labor_2/MPT_LAB_2_5.o
 .bss           0x00000000        0x0 Labor_2/MPT_LAB_2_5.o
 .text.A_2_5_1_Client
                0x00000000       0xbe Labor_2/MPT_LAB_2_5.o
 .text.A_2_5_1_Server
                0x00000000       0x70 Labor_2/MPT_LAB_2_5.o
 .debug_info    0x00000000       0xc7 Labor_2/MPT_LAB_2_5.o
 .debug_abbrev  0x00000000       0x90 Labor_2/MPT_LAB_2_5.o
 .debug_loc     0x00000000       0xb7 Labor_2/MPT_LAB_2_5.o
 .debug_aranges
                0x00000000       0x28 Labor_2/MPT_LAB_2_5.o
 .debug_ranges  0x00000000       0x18 Labor_2/MPT_LAB_2_5.o
 .debug_line    0x00000000      0x184 Labor_2/MPT_LAB_2_5.o
 .debug_str     0x00000000      0x1b2 Labor_2/MPT_LAB_2_5.o
 .comment       0x00000000       0x31 Labor_2/MPT_LAB_2_5.o
 .debug_frame   0x00000000       0x68 Labor_2/MPT_LAB_2_5.o
 .text          0x00000000        0x0 MPT_LAB_MAIN.o
 .data          0x00000000        0x0 MPT_LAB_MAIN.o
 .bss           0x00000000        0x0 MPT_LAB_MAIN.o
 .text          0x00000000        0x0 MPT_LAB_UTIL.o
 .data          0x00000000        0x0 MPT_LAB_UTIL.o
 .bss           0x00000000        0x0 MPT_LAB_UTIL.o
 .text.Wait_x_ms
                0x00000000       0x5e MPT_LAB_UTIL.o
 .text.LedOn    0x00000000       0x50 MPT_LAB_UTIL.o
 .text.LedOff   0x00000000       0x50 MPT_LAB_UTIL.o
 .text.LedToggle
                0x00000000       0x58 MPT_LAB_UTIL.o
 .text          0x00000000        0x0 c:/program files (x86)/atmel/studio/7.0/toolchain/avr8/avr8-gnu-toolchain/bin/../lib/gcc/avr/5.4.0/avr5\libgcc.a(_udivmodsi4.o)
 .data          0x00000000        0x0 c:/program files (x86)/atmel/studio/7.0/toolchain/avr8/avr8-gnu-toolchain/bin/../lib/gcc/avr/5.4.0/avr5\libgcc.a(_udivmodsi4.o)
 .bss           0x00000000        0x0 c:/program files (x86)/atmel/studio/7.0/toolchain/avr8/avr8-gnu-toolchain/bin/../lib/gcc/avr/5.4.0/avr5\libgcc.a(_udivmodsi4.o)
 .text.libgcc.mul
                0x00000000        0x0 c:/program files (x86)/atmel/studio/7.0/toolchain/avr8/avr8-gnu-toolchain/bin/../lib/gcc/avr/5.4.0/avr5\libgcc.a(_udivmodsi4.o)
 .text.libgcc   0x00000000        0x0 c:/program files (x86)/atmel/studio/7.0/toolchain/avr8/avr8-gnu-toolchain/bin/../lib/gcc/avr/5.4.0/avr5\libgcc.a(_udivmodsi4.o)
 .text.libgcc.prologue
                0x00000000        0x0 c:/program files (x86)/atmel/studio/7.0/toolchain/avr8/avr8-gnu-toolchain/bin/../lib/gcc/avr/5.4.0/avr5\libgcc.a(_udivmodsi4.o)
 .text.libgcc.builtins
                0x00000000        0x0 c:/program files (x86)/atmel/studio/7.0/toolchain/avr8/avr8-gnu-toolchain/bin/../lib/gcc/avr/5.4.0/avr5\libgcc.a(_udivmodsi4.o)
 .text.libgcc.fmul
                0x00000000        0x0 c:/program files (x86)/atmel/studio/7.0/toolchain/avr8/avr8-gnu-toolchain/bin/../lib/gcc/avr/5.4.0/avr5\libgcc.a(_udivmodsi4.o)
 .text.libgcc.fixed
                0x00000000        0x0 c:/program files (x86)/atmel/studio/7.0/toolchain/avr8/avr8-gnu-toolchain/bin/../lib/gcc/avr/5.4.0/avr5\libgcc.a(_udivmodsi4.o)
 .text          0x00000000        0x0 c:/program files (x86)/atmel/studio/7.0/toolchain/avr8/avr8-gnu-toolchain/bin/../lib/gcc/avr/5.4.0/avr5\libgcc.a(_exit.o)
 .data          0x00000000        0x0 c:/program files (x86)/atmel/studio/7.0/toolchain/avr8/avr8-gnu-toolchain/bin/../lib/gcc/avr/5.4.0/avr5\libgcc.a(_exit.o)
 .bss           0x00000000        0x0 c:/program files (x86)/atmel/studio/7.0/toolchain/avr8/avr8-gnu-toolchain/bin/../lib/gcc/avr/5.4.0/avr5\libgcc.a(_exit.o)
 .text.libgcc.mul
                0x00000000        0x0 c:/program files (x86)/atmel/studio/7.0/toolchain/avr8/avr8-gnu-toolchain/bin/../lib/gcc/avr/5.4.0/avr5\libgcc.a(_exit.o)
 .text.libgcc.div
                0x00000000        0x0 c:/program files (x86)/atmel/studio/7.0/toolchain/avr8/avr8-gnu-toolchain/bin/../lib/gcc/avr/5.4.0/avr5\libgcc.a(_exit.o)
 .text.libgcc   0x00000000        0x0 c:/program files (x86)/atmel/studio/7.0/toolchain/avr8/avr8-gnu-toolchain/bin/../lib/gcc/avr/5.4.0/avr5\libgcc.a(_exit.o)
 .text.libgcc.prologue
                0x00000000        0x0 c:/program files (x86)/atmel/studio/7.0/toolchain/avr8/avr8-gnu-toolchain/bin/../lib/gcc/avr/5.4.0/avr5\libgcc.a(_exit.o)
 .text.libgcc.builtins
                0x00000000        0x0 c:/program files (x86)/atmel/studio/7.0/toolchain/avr8/avr8-gnu-toolchain/bin/../lib/gcc/avr/5.4.0/avr5\libgcc.a(_exit.o)
 .text.libgcc.fmul
                0x00000000        0x0 c:/program files (x86)/atmel/studio/7.0/toolchain/avr8/avr8-gnu-toolchain/bin/../lib/gcc/avr/5.4.0/avr5\libgcc.a(_exit.o)
 .text.libgcc.fixed
                0x00000000        0x0 c:/program files (x86)/atmel/studio/7.0/toolchain/avr8/avr8-gnu-toolchain/bin/../lib/gcc/avr/5.4.0/avr5\libgcc.a(_exit.o)
 .text          0x00000000        0x0 c:/program files (x86)/atmel/studio/7.0/toolchain/avr8/avr8-gnu-toolchain/bin/../lib/gcc/avr/5.4.0/avr5\libgcc.a(_tablejump2.o)
 .data          0x00000000        0x0 c:/program files (x86)/atmel/studio/7.0/toolchain/avr8/avr8-gnu-toolchain/bin/../lib/gcc/avr/5.4.0/avr5\libgcc.a(_tablejump2.o)
 .bss           0x00000000        0x0 c:/program files (x86)/atmel/studio/7.0/toolchain/avr8/avr8-gnu-toolchain/bin/../lib/gcc/avr/5.4.0/avr5\libgcc.a(_tablejump2.o)
 .text.libgcc.mul
                0x00000000        0x0 c:/program files (x86)/atmel/studio/7.0/toolchain/avr8/avr8-gnu-toolchain/bin/../lib/gcc/avr/5.4.0/avr5\libgcc.a(_tablejump2.o)
 .text.libgcc.div
                0x00000000        0x0 c:/program files (x86)/atmel/studio/7.0/toolchain/avr8/avr8-gnu-toolchain/bin/../lib/gcc/avr/5.4.0/avr5\libgcc.a(_tablejump2.o)
 .text.libgcc.prologue
                0x00000000        0x0 c:/program files (x86)/atmel/studio/7.0/toolchain/avr8/avr8-gnu-toolchain/bin/../lib/gcc/avr/5.4.0/avr5\libgcc.a(_tablejump2.o)
 .text.libgcc.builtins
                0x00000000        0x0 c:/program files (x86)/atmel/studio/7.0/toolchain/avr8/avr8-gnu-toolchain/bin/../lib/gcc/avr/5.4.0/avr5\libgcc.a(_tablejump2.o)
 .text.libgcc.fmul
                0x00000000        0x0 c:/program files (x86)/atmel/studio/7.0/toolchain/avr8/avr8-gnu-toolchain/bin/../lib/gcc/avr/5.4.0/avr5\libgcc.a(_tablejump2.o)
 .text.libgcc.fixed
                0x00000000        0x0 c:/program files (x86)/atmel/studio/7.0/toolchain/avr8/avr8-gnu-toolchain/bin/../lib/gcc/avr/5.4.0/avr5\libgcc.a(_tablejump2.o)
 .text          0x00000000        0x0 c:/program files (x86)/atmel/studio/7.0/toolchain/avr8/avr8-gnu-toolchain/bin/../lib/gcc/avr/5.4.0/avr5\libgcc.a(_copy_data.o)
 .data          0x00000000        0x0 c:/program files (x86)/atmel/studio/7.0/toolchain/avr8/avr8-gnu-toolchain/bin/../lib/gcc/avr/5.4.0/avr5\libgcc.a(_copy_data.o)
 .bss           0x00000000        0x0 c:/program files (x86)/atmel/studio/7.0/toolchain/avr8/avr8-gnu-toolchain/bin/../lib/gcc/avr/5.4.0/avr5\libgcc.a(_copy_data.o)
 .text.libgcc.mul
                0x00000000        0x0 c:/program files (x86)/atmel/studio/7.0/toolchain/avr8/avr8-gnu-toolchain/bin/../lib/gcc/avr/5.4.0/avr5\libgcc.a(_copy_data.o)
 .text.libgcc.div
                0x00000000        0x0 c:/program files (x86)/atmel/studio/7.0/toolchain/avr8/avr8-gnu-toolchain/bin/../lib/gcc/avr/5.4.0/avr5\libgcc.a(_copy_data.o)
 .text.libgcc   0x00000000        0x0 c:/program files (x86)/atmel/studio/7.0/toolchain/avr8/avr8-gnu-toolchain/bin/../lib/gcc/avr/5.4.0/avr5\libgcc.a(_copy_data.o)
 .text.libgcc.prologue
                0x00000000        0x0 c:/program files (x86)/atmel/studio/7.0/toolchain/avr8/avr8-gnu-toolchain/bin/../lib/gcc/avr/5.4.0/avr5\libgcc.a(_copy_data.o)
 .text.libgcc.builtins
                0x00000000        0x0 c:/program files (x86)/atmel/studio/7.0/toolchain/avr8/avr8-gnu-toolchain/bin/../lib/gcc/avr/5.4.0/avr5\libgcc.a(_copy_data.o)
 .text.libgcc.fmul
                0x00000000        0x0 c:/program files (x86)/atmel/studio/7.0/toolchain/avr8/avr8-gnu-toolchain/bin/../lib/gcc/avr/5.4.0/avr5\libgcc.a(_copy_data.o)
 .text.libgcc.fixed
                0x00000000        0x0 c:/program files (x86)/atmel/studio/7.0/toolchain/avr8/avr8-gnu-toolchain/bin/../lib/gcc/avr/5.4.0/avr5\libgcc.a(_copy_data.o)

Memory Configuration

Name             Origin             Length             Attributes
text             0x00000000         0x00020000         xr
data             0x00800060         0x0000ffa0         rw !x
eeprom           0x00810000         0x00010000         rw !x
fuse             0x00820000         0x00000400         rw !x
lock             0x00830000         0x00000400         rw !x
signature        0x00840000         0x00000400         rw !x
user_signatures  0x00850000         0x00000400         rw !x
*default*        0x00000000         0xffffffff

Linker script and memory map

LOAD C:/Program Files (x86)/Atmel/Studio/7.0/Packs/atmel/ATmega_DFP/1.0.98/gcc/dev/atmega32/avr5/crtatmega32.o
LOAD Labor_2/MPT_LAB_2_1.o
LOAD Labor_2/MPT_LAB_2_2.o
LOAD Labor_2/MPT_LAB_2_3.o
LOAD Labor_2/MPT_LAB_2_4.o
LOAD Labor_2/MPT_LAB_2_5.o
LOAD MPT_LAB_MAIN.o
LOAD MPT_LAB_UTIL.o
START GROUP
LOAD c:/program files (x86)/atmel/studio/7.0/toolchain/avr8/avr8-gnu-toolchain/bin/../lib/gcc/avr/5.4.0/../../../../avr/lib/avr5\libm.a
END GROUP
START GROUP
LOAD c:/program files (x86)/atmel/studio/7.0/toolchain/avr8/avr8-gnu-toolchain/bin/../lib/gcc/avr/5.4.0/avr5\libgcc.a
LOAD c:/program files (x86)/atmel/studio/7.0/toolchain/avr8/avr8-gnu-toolchain/bin/../lib/gcc/avr/5.4.0/../../../../avr/lib/avr5\libm.a
LOAD c:/program files (x86)/atmel/studio/7.0/toolchain/avr8/avr8-gnu-toolchain/bin/../lib/gcc/avr/5.4.0/../../../../avr/lib/avr5\libc.a
LOAD C:/Program Files (x86)/Atmel/Studio/7.0/Packs/atmel/ATmega_DFP/1.0.98/gcc/dev/atmega32/avr5\libatmega32.a
END GROUP
                0x00000000                __TEXT_REGION_ORIGIN__ = DEFINED (__TEXT_REGION_ORIGIN__)?__TEXT_REGION_ORIGIN__:0x0
                0x00800060                __DATA_REGION_ORIGIN__ = DEFINED (__DATA_REGION_ORIGIN__)?__DATA_REGION_ORIGIN__:0x800060
                0x00020000                __TEXT_REGION_LENGTH__ = DEFINED (__TEXT_REGION_LENGTH__)?__TEXT_REGION_LENGTH__:0x20000
                0x0000ffa0                __DATA_REGION_LENGTH__ = DEFINED (__DATA_REGION_LENGTH__)?__DATA_REGION_LENGTH__:0xffa0
                0x00010000                __EEPROM_REGION_LENGTH__ = DEFINED (__EEPROM_REGION_LENGTH__)?__EEPROM_REGION_LENGTH__:0x10000
                0x00000400                __FUSE_REGION_LENGTH__ = DEFINED (__FUSE_REGION_LENGTH__)?__FUSE_REGION_LENGTH__:0x400
                0x00000400                __LOCK_REGION_LENGTH__ = DEFINED (__LOCK_REGION_LENGTH__)?__LOCK_REGION_LENGTH__:0x400
                0x00000400                __SIGNATURE_REGION_LENGTH__ = DEFINED (__SIGNATURE_REGION_LENGTH__)?__SIGNATURE_REGION_LENGTH__:0x400
                0x00000400                __USER_SIGNATURE_REGION_LENGTH__ = DEFINED (__USER_SIGNATURE_REGION_LENGTH__)?__USER_SIGNATURE_REGION_LENGTH__:0x400

.hash
 *(.hash)

.dynsym
 *(.dynsym)

.dynstr
 *(.dynstr)

.gnu.version
 *(.gnu.version)

.gnu.version_d
 *(.gnu.version_d)

.gnu.version_r
 *(.gnu.version_r)

.rel.init
 *(.rel.init)

.rela.init
 *(.rela.init)

.rel.text
 *(.rel.text)
 *(.rel.text.*)
 *(.rel.gnu.linkonce.t*)

.rela.text
 *(.rela.text)
 *(.rela.text.*)
 *(.rela.gnu.linkonce.t*)

.rel.fini
 *(.rel.fini)

.rela.fini
 *(.rela.fini)

.rel.rodata
 *(.rel.rodata)
 *(.rel.rodata.*)
 *(.rel.gnu.linkonce.r*)

.rela.rodata
 *(.rela.rodata)
 *(.rela.rodata.*)
 *(.rela.gnu.linkonce.r*)

.rel.data
 *(.rel.data)
 *(.rel.data.*)
 *(.rel.gnu.linkonce.d*)

.rela.data
 *(.rela.data)
 *(.rela.data.*)
 *(.rela.gnu.linkonce.d*)

.rel.ctors
 *(.rel.ctors)

.rela.ctors
 *(.rela.ctors)

.rel.dtors
 *(.rel.dtors)

.rela.dtors
 *(.rela.dtors)

.rel.got
 *(.rel.got)

.rela.got
 *(.rela.got)

.rel.bss
 *(.rel.bss)

.rela.bss
 *(.rela.bss)

.rel.plt
 *(.rel.plt)

.rela.plt
 *(.rela.plt)

.text           0x00000000      0x4b4
 *(.vectors)
 .vectors       0x00000000       0x54 C:/Program Files (x86)/Atmel/Studio/7.0/Packs/atmel/ATmega_DFP/1.0.98/gcc/dev/atmega32/avr5/crtatmega32.o
                0x00000000                __vector_default
                0x00000000                __vectors
 *(.vectors)
 *(.progmem.gcc*)
 .progmem.gcc_sw_table.A_2_4_2
                0x00000054       0x10 Labor_2/MPT_LAB_2_4.o
                0x00000064                . = ALIGN (0x2)
                0x00000064                __trampolines_start = .
 *(.trampolines)
 .trampolines   0x00000064        0x0 linker stubs
 *(.trampolines*)
                0x00000064                __trampolines_end = .
 *libprintf_flt.a:*(.progmem.data)
 *libc.a:*(.progmem.data)
 *(.progmem*)
                0x00000064                . = ALIGN (0x2)
 *(.jumptables)
 *(.jumptables*)
 *(.lowtext)
 *(.lowtext*)
                0x00000064                __ctors_start = .
 *(.ctors)
                0x00000064                __ctors_end = .
                0x00000064                __dtors_start = .
 *(.dtors)
                0x00000064                __dtors_end = .
 SORT(*)(.ctors)
 SORT(*)(.dtors)
 *(.init0)
 .init0         0x00000064        0x0 C:/Program Files (x86)/Atmel/Studio/7.0/Packs/atmel/ATmega_DFP/1.0.98/gcc/dev/atmega32/avr5/crtatmega32.o
                0x00000064                __init
 *(.init0)
 *(.init1)
 *(.init1)
 *(.init2)
 .init2         0x00000064        0xc C:/Program Files (x86)/Atmel/Studio/7.0/Packs/atmel/ATmega_DFP/1.0.98/gcc/dev/atmega32/avr5/crtatmega32.o
 *(.init2)
 *(.init3)
 *(.init3)
 *(.init4)
 .init4         0x00000070       0x16 c:/program files (x86)/atmel/studio/7.0/toolchain/avr8/avr8-gnu-toolchain/bin/../lib/gcc/avr/5.4.0/avr5\libgcc.a(_copy_data.o)
                0x00000070                __do_copy_data
 *(.init4)
 *(.init5)
 *(.init5)
 *(.init6)
 *(.init6)
 *(.init7)
 *(.init7)
 *(.init8)
 *(.init8)
 *(.init9)
 .init9         0x00000086        0x8 C:/Program Files (x86)/Atmel/Studio/7.0/Packs/atmel/ATmega_DFP/1.0.98/gcc/dev/atmega32/avr5/crtatmega32.o
 *(.init9)
 *(.text)
 .text          0x0000008e        0x4 C:/Program Files (x86)/Atmel/Studio/7.0/Packs/atmel/ATmega_DFP/1.0.98/gcc/dev/atmega32/avr5/crtatmega32.o
                0x0000008e                __vector_1
                0x0000008e                __vector_12
                0x0000008e                __bad_interrupt
                0x0000008e                __vector_6
                0x0000008e                __vector_3
                0x0000008e                __vector_11
                0x0000008e                __vector_13
                0x0000008e                __vector_17
                0x0000008e                __vector_19
                0x0000008e                __vector_7
                0x0000008e                __vector_5
                0x0000008e                __vector_4
                0x0000008e                __vector_9
                0x0000008e                __vector_2
                0x0000008e                __vector_15
                0x0000008e                __vector_8
                0x0000008e                __vector_14
                0x0000008e                __vector_10
                0x0000008e                __vector_16
                0x0000008e                __vector_18
                0x0000008e                __vector_20
                0x00000092                . = ALIGN (0x2)
 *(.text.*)
 .text.A_2_4_2  0x00000092      0x120 Labor_2/MPT_LAB_2_4.o
                0x00000092                A_2_4_2
 .text.main     0x000001b2        0xe MPT_LAB_MAIN.o
                0x000001b2                main
 .text.UsartInit
                0x000001c0      0x1f2 MPT_LAB_UTIL.o
                0x000001c0                UsartInit
 .text.UsartPutc
                0x000003b2       0x36 MPT_LAB_UTIL.o
                0x000003b2                UsartPutc
 .text.UsartPuts
                0x000003e8       0x4c MPT_LAB_UTIL.o
                0x000003e8                UsartPuts
 .text.UsartGetc
                0x00000434       0x2c MPT_LAB_UTIL.o
                0x00000434                UsartGetc
 .text.libgcc.div
                0x00000460       0x44 c:/program files (x86)/atmel/studio/7.0/toolchain/avr8/avr8-gnu-toolchain/bin/../lib/gcc/avr/5.4.0/avr5\libgcc.a(_udivmodsi4.o)
                0x00000460                __udivmodsi4
 .text.libgcc   0x000004a4        0xc c:/program files (x86)/atmel/studio/7.0/toolchain/avr8/avr8-gnu-toolchain/bin/../lib/gcc/avr/5.4.0/avr5\libgcc.a(_tablejump2.o)
                0x000004a4                __tablejump2__
                0x000004b0                . = ALIGN (0x2)
 *(.fini9)
 .fini9         0x000004b0        0x0 c:/program files (x86)/atmel/studio/7.0/toolchain/avr8/avr8-gnu-toolchain/bin/../lib/gcc/avr/5.4.0/avr5\libgcc.a(_exit.o)
                0x000004b0                _exit
                0x000004b0                exit
 *(.fini9)
 *(.fini8)
 *(.fini8)
 *(.fini7)
 *(.fini7)
 *(.fini6)
 *(.fini6)
 *(.fini5)
 *(.fini5)
 *(.fini4)
 *(.fini4)
 *(.fini3)
 *(.fini3)
 *(.fini2)
 *(.fini2)
 *(.fini1)
 *(.fini1)
 *(.fini0)
 .fini0         0x000004b0        0x4 c:/program files (x86)/atmel/studio/7.0/toolchain/avr8/avr8-gnu-toolchain/bin/../lib/gcc/avr/5.4.0/avr5\libgcc.a(_exit.o)
 *(.fini0)
                0x000004b4                _etext = .

.data           0x00800060       0x46 load address 0x000004b4
                0x00800060                PROVIDE (__data_start, .)
 *(.data)
 *(.data*)
 *(.gnu.linkonce.d*)
 *(.rodata)
 .rodata        0x00800060       0x45 Labor_2/MPT_LAB_2_4.o
 *(.rodata*)
 *(.gnu.linkonce.r*)
                0x008000a6                . = ALIGN (0x2)
 *fill*         0x008000a5        0x1 
                0x008000a6                _edata = .
                0x008000a6                PROVIDE (__data_end, .)

.bss            0x008000a6        0x0
                [!provide]                PROVIDE (__bss_start, .)
 *(.bss)
 *(.bss*)
 *(COMMON)
                [!provide]                PROVIDE (__bss_end, .)
                0x000004b4                __data_load_start = LOADADDR (.data)
                0x000004fa                __data_load_end = (__data_load_start + SIZEOF (.data))

.noinit         0x008000a6        0x0
                [!provide]                PROVIDE (__noinit_start, .)
 *(.noinit*)
                [!provide]                PROVIDE (__noinit_end, .)
                0x008000a6                _end = .
                [!provide]                PROVIDE (__heap_start, .)

.eeprom         0x00810000        0x0
 *(.eeprom*)
                0x00810000                __eeprom_end = .

.fuse
 *(.fuse)
 *(.lfuse)
 *(.hfuse)
 *(.efuse)

.lock
 *(.lock*)

.signature
 *(.signature*)

.user_signatures
 *(.user_signatures*)

.stab
 *(.stab)

.stabstr
 *(.stabstr)

.stab.excl
 *(.stab.excl)

.stab.exclstr
 *(.stab.exclstr)

.stab.index
 *(.stab.index)

.stab.indexstr
 *(.stab.indexstr)

.comment        0x00000000       0x30
 *(.comment)
 .comment       0x00000000       0x30 Labor_2/MPT_LAB_2_4.o
                                 0x31 (size before relaxing)
 .comment       0x00000030       0x31 MPT_LAB_MAIN.o
 .comment       0x00000030       0x31 MPT_LAB_UTIL.o

.note.gnu.avr.deviceinfo
                0x00000000       0x3c
 .note.gnu.avr.deviceinfo
                0x00000000       0x3c C:/Program Files (x86)/Atmel/Studio/7.0/Packs/atmel/ATmega_DFP/1.0.98/gcc/dev/atmega32/avr5/crtatmega32.o

.note.gnu.build-id
 *(.note.gnu.build-id)

.debug
 *(.debug)

.line
 *(.line)

.debug_srcinfo
 *(.debug_srcinfo)

.debug_sfnames
 *(.debug_sfnames)

.debug_aranges  0x00000000       0xa8
 *(.debug_aranges)
 .debug_aranges
                0x00000000       0x30 Labor_2/MPT_LAB_2_4.o
 .debug_aranges
                0x00000030       0x20 MPT_LAB_MAIN.o
 .debug_aranges
                0x00000050       0x58 MPT_LAB_UTIL.o

.debug_pubnames
 *(.debug_pubnames)

.debug_info     0x00000000      0x3a8
 *(.debug_info .gnu.linkonce.wi.*)
 .debug_info    0x00000000       0xf0 Labor_2/MPT_LAB_2_4.o
 .debug_info    0x000000f0       0x8c MPT_LAB_MAIN.o
 .debug_info    0x0000017c      0x22c MPT_LAB_UTIL.o

.debug_abbrev   0x00000000      0x1ab
 *(.debug_abbrev)
 .debug_abbrev  0x00000000       0x83 Labor_2/MPT_LAB_2_4.o
 .debug_abbrev  0x00000083       0x5c MPT_LAB_MAIN.o
 .debug_abbrev  0x000000df       0xcc MPT_LAB_UTIL.o

.debug_line     0x00000000      0x498
 *(.debug_line .debug_line.* .debug_line_end)
 .debug_line    0x00000000      0x1a3 Labor_2/MPT_LAB_2_4.o
 .debug_line    0x000001a3       0x51 MPT_LAB_MAIN.o
 .debug_line    0x000001f4      0x2a4 MPT_LAB_UTIL.o

.debug_frame    0x00000000      0x1e0
 *(.debug_frame)
 .debug_frame   0x00000000       0x8c Labor_2/MPT_LAB_2_4.o
 .debug_frame   0x0000008c       0x34 MPT_LAB_MAIN.o
 .debug_frame   0x000000c0      0x120 MPT_LAB_UTIL.o

.debug_str      0x00000000      0x22b
 *(.debug_str)
 .debug_str     0x00000000      0x173 Labor_2/MPT_LAB_2_4.o
                                0x1b1 (size before relaxing)
 .debug_str     0x00000173       0x19 MPT_LAB_MAIN.o
                                0x18a (size before relaxing)
 .debug_str     0x0000018c       0x9f MPT_LAB_UTIL.o
                                0x21f (size before relaxing)

.debug_loc      0x00000000      0x393
 *(.debug_loc)
 .debug_loc     0x00000000       0xff Labor_2/MPT_LAB_2_4.o
 .debug_loc     0x000000ff       0x3b MPT_LAB_MAIN.o
 .debug_loc     0x0000013a      0x259 MPT_LAB_UTIL.o

.debug_macinfo
 *(.debug_macinfo)

.debug_weaknames
 *(.debug_weaknames)

.debug_funcnames
 *(.debug_funcnames)

.debug_typenames
 *(.debug_typenames)

.debug_varnames
 *(.debug_varnames)

.debug_pubtypes
 *(.debug_pubtypes)

.debug_ranges   0x00000000       0x78
 *(.debug_ranges)
 .debug_ranges  0x00000000       0x20 Labor_2/MPT_LAB_2_4.o
 .debug_ranges  0x00000020       0x10 MPT_LAB_MAIN.o
 .debug_ranges  0x00000030       0x48 MPT_LAB_UTIL.o

.debug_macro
 *(.debug_macro)
OUTPUT(MPT.elf elf32-avr)
LOAD linker stubs
